Microchip MPLAB XC8 Compiler V2.32

Linker command line:

-W-3 --edf=C:\Program Files\Microchip\xc8\v2.32\pic\dat\en_msgs.txt \
  -pivt0x8=08h -cn \
  -h+dist/default/production\DMA_LED_MATRIX_GAME_CAN.X.production.sym \
  --cmf=dist/default/production\DMA_LED_MATRIX_GAME_CAN.X.production.cmf -z \
  -Q18F26K83 -oC:\Users\emp\AppData\Local\Temp\xcAs7lc.4 \
  --defsym=__MPLAB_BUILD=1 \
  -Mdist/default/production/DMA_LED_MATRIX_GAME_CAN.X.production.map -E1 \
  -ver=XC8 Compiler --acfsm=1493 -ASTACK=09A0h-0FFFh -pstack=STACK \
  -ACODE=00h-0FFFFh -ACONST=00h-0FFFFh -ASMALLCONST=01000h-010FFhx240 \
  -AMEDIUMCONST=01000h-0FFFFh -ACOMRAM=01h-05Fh -AABS1=00h-0FFFh \
  -ABIGRAM=01h-0FFFh -ARAM=060h-0FFh,0100h-01FFhx15 -ABANK0=060h-0FFh \
  -ABANK1=0100h-01FFh -ABANK2=0200h-02FFh -ABANK3=0300h-03FFh \
  -ABANK4=0400h-04FFh -ABANK5=0500h-05FFh -ABANK6=0600h-06FFh \
  -ABANK7=0700h-07FFh -ABANK8=0800h-08FFh -ABANK9=0900h-09FFh \
  -ABANK10=0A00h-0AFFh -ABANK11=0B00h-0BFFh -ABANK12=0C00h-0CFFh \
  -ABANK13=0D00h-0DFFh -ABANK14=0E00h-0EFFh -ABANK15=0F00h-0FFFh \
  -ASFR=03700h-037FFhx8,03F00h-03F5Fh,03F60h-03FFFh \
  -ACONFIG=0300000h-0300009h -AIDLOC=0200000h-020000Fh \
  -AEEDATA=0310000h-03103FFh -peeprom_data=EEDATA -preset_vec=00h \
  -ppowerup=CODE,init -pramtop=01000h -psmallconst=SMALLCONST \
  -pmediumconst=MEDIUMCONST -pconst=CONST -AFARRAM=00h-00h \
  -prdata=COMRAM,nvrram=COMRAM,nvbit=COMRAM,rbss=COMRAM,rbit=COMRAM \
  -pfarbss=FARRAM,fardata=FARRAM,nvFARRAM=FARRAM \
  -pintsave_regs=BIGRAM,bigbss=BIGRAM,bigdata=BIGRAM -pbss=RAM \
  -pidata=CODE,irdata=CODE,ibigdata=CODE,ifardata=CODE -prparam=COMRAM \
  C:\Users\emp\AppData\Local\Temp\xcAs7lc.o \
  dist/default/production\DMA_LED_MATRIX_GAME_CAN.X.production.o 

Object code version is 3.11

Machine type is 18F26K83



                Name                               Link     Load   Length Selector   Space Scale
C:\Users\emp\AppData\Local\Temp\xcAs7lc.o
                idloc                            200000   200000       10        0       5
                config                           300000   300000        A        0       4
                init                                 1C       1C        4        4       0
                reset_vec                             0        0        4        0       0
dist/default/production\DMA_LED_MATRIX_GAME_CAN.X.production.o
                idloc                            200000   200000       10        0       5
                config                           300000   300000        A        0       4
                mediumconst                        FC64     FC64      39C     7E32       0
                ivt0x8                                8        8       14        4       0
                text107                            5202     5202        2        4       0
                text106                            501C     501C       1E        4       0
                text105                            48DA     48DA       60        4       0
                text104                            51EA     51EA        6        4       0
                text103                            5200     5200        2        4       0
                text102                            51FE     51FE        2        4       0
                text101                            4446     4446       A4        4       0
                text100                            4D8A     4D8A       32        4       0
                text99                             487A     487A       60        4       0
                text98                             51E4     51E4        6        4       0
                text97                             51FC     51FC        2        4       0
                text96                             51FA     51FA        2        4       0
                text95                             43A2     43A2       A4        4       0
                text94                             4D58     4D58       32        4       0
                text93                             4614     4614       88        4       0
                text92                             3B0A     3B0A      12A        4       0
                text91                             40E4     40E4       BC        4       0
                text90                             51F8     51F8        2        4       0
                text89                             4FC0     4FC0       20        4       0
                text88                             510A     510A       14        4       0
                text87                             50AA     50AA       1A        4       0
                text86                             4ED6     4ED6       2C        4       0
                text85                             4CF2     4CF2       34        4       0
                text84                             4F2C     4F2C       2A        4       0
                text83                             4F9E     4F9E       22        4       0
                text82                             4F56     4F56       26        4       0
                text81                             51F4     51F4        4        4       0
                text80                             51F0     51F0        4        4       0
                text79                             4C88     4C88       36        4       0
                text78                             5130     5130       12        4       0
                text77                             377C     377C      138        4       0
                text76                             4798     4798       76        4       0
                text75                             2700     2700      288        4       0
                text74                             4F02     4F02       2A        4       0
                text73                             4E4C     4E4C       30        4       0
                text72                             4B64     4B64       3E        4       0
                text71                             34D6     34D6      15E        4       0
                text70                             3634     3634      148        4       0
                text69                             3C34     3C34      124        4       0
                text68                             4D26     4D26       32        4       0
                text67                             4AA6     4AA6       42        4       0
                text66                             4A64     4A64       42        4       0
                text65                             508E     508E       1C        4       0
                text64                             480E     480E       6C        4       0
                text63                             4C50     4C50       38        4       0
                text62                             4E7C     4E7C       2E        4       0
                text61                             44EA     44EA       96        4       0
                text60                             2988     2988      246        4       0
                text59                             38B4     38B4      12C        4       0
                text58                             3F44     3F44       D2        4       0
                text57                             4CBE     4CBE       34        4       0
                text56                             4E1C     4E1C       30        4       0
                text55                             4DEC     4DEC       30        4       0
                text54                             498C     498C       4A        4       0
                text53                             2BCE     2BCE      232        4       0
                text52                             17DE     17DE      630        4       0
                text51                             493A     493A       52        4       0
                text50                             4FFE     4FFE       1E        4       0
                text49                             3378     3378      15E        4       0
                text48                             3D58     3D58       FA        4       0
                text47                             211C     211C      306        4       0
                text46                             4A1E     4A1E       46        4       0
                text45                             4C16     4C16       3A        4       0
                text44                             4BDC     4BDC       3A        4       0
                text43                             49D6     49D6       48        4       0
                text42                             301A     301A      1B8        4       0
                text41                             2422     2422      2DE        4       0
                text40                             1E0E     1E0E      30E        4       0
                text39                             4DBC     4DBC       30        4       0
                text38                             1146     1146      698        4       0
                text37                               20       20      960        4       0
                text36                             4016     4016       CE        4       0
                text35                             5072     5072       1C        4       0
                text34                              980      980      7C6        4       0
                text33                             2E00     2E00      21A        4       0
                text32                             4EAA     4EAA       2C        4       0
                text31                             51DA     51DA        A        4       0
                text30                             31D2     31D2      1A6        4       0
                text29                             511E     511E       12        4       0
                text28                             50DC     50DC       18        4       0
                text27                             471A     471A       7E        4       0
                text26                             4F7C     4F7C       22        4       0
                text25                             50C4     50C4       18        4       0
                text24                             50F4     50F4       16        4       0
                text23                             5056     5056       1C        4       0
                text22                             51D0     51D0        A        4       0
                text21                             4B26     4B26       3E        4       0
                text20                             503A     503A       1C        4       0
                text19                             4FE0     4FE0       1E        4       0
                text18                             51C6     51C6        A        4       0
                text17                             51BC     51BC        A        4       0
                text16                             51B2     51B2        A        4       0
                text15                             51A8     51A8        A        4       0
                text14                             519E     519E        A        4       0
                text13                             42FE     42FE       A4        4       0
                text12                             5194     5194        A        4       0
                text11                             518A     518A        A        4       0
                text10                             5180     5180        A        4       0
                text9                              5176     5176        A        4       0
                text8                              516C     516C        A        4       0
                text7                              425A     425A       A4        4       0
                text6                              4BA2     4BA2       3A        4       0
                text5                              39E0     39E0      12A        4       0
                text4                              5142     5142       10        4       0
                text3                              469C     469C       7E        4       0
                text2                              4580     4580       94        4       0
                text1                              4AE8     4AE8       3E        4       0
                text0                              3E52     3E52       F2        4       0
                cstackCOMRAM                          1        1       3D        1       1
                cstackBANK0                          60       60       6F       60       1
                cstackBANK1                         1BF      1BF        4      100       1
                bssBIGRAM                           3A0      3A0      600      3A0       1
                bssBANK3                            300      300       A0      300       1
                bssBANK2                            200      200       F0      200       1
                dataBANK1                           1B0      1B0        F      100       1
                bssBANK1                            100      100       99      100       1
                dataBANK0                            EF       EF        B       60       1
                bssBANK0                             CF       CF       20       60       1
                dataCOMRAM                           52       52        1        1       1
                bssCOMRAM                            3E       3E       12        1       1
                cinit                              41A0     41A0       BA        4       0
                nvBANK1                             199      199       17      100       1
                nvBANK0                              FA       FA        5       60       1
                nvCOMRAM                             50       50        2        1       1
                idataBANK1                         5152     5152        F        4       0
                idataBANK0                         5161     5161        B        4       0
                idataCOMRAM                        5204     5204        1        4       0

TOTAL           Name                               Link     Load   Length     Space
        CLASS   STACK          

        CLASS   CODE           
                init                                 1C       1C        4         0
                reset_vec                             0        0        4         0
                ivt0x8                                8        8       14         0
                text107                            5202     5202        2         0
                text106                            501C     501C       1E         0
                text105                            48DA     48DA       60         0
                text104                            51EA     51EA        6         0
                text103                            5200     5200        2         0
                text102                            51FE     51FE        2         0
                text101                            4446     4446       A4         0
                text100                            4D8A     4D8A       32         0
                text99                             487A     487A       60         0
                text98                             51E4     51E4        6         0
                text97                             51FC     51FC        2         0
                text96                             51FA     51FA        2         0
                text95                             43A2     43A2       A4         0
                text94                             4D58     4D58       32         0
                text93                             4614     4614       88         0
                text92                             3B0A     3B0A      12A         0
                text91                             40E4     40E4       BC         0
                text90                             51F8     51F8        2         0
                text89                             4FC0     4FC0       20         0
                text88                             510A     510A       14         0
                text87                             50AA     50AA       1A         0
                text86                             4ED6     4ED6       2C         0
                text85                             4CF2     4CF2       34         0
                text84                             4F2C     4F2C       2A         0
                text83                             4F9E     4F9E       22         0
                text82                             4F56     4F56       26         0
                text81                             51F4     51F4        4         0
                text80                             51F0     51F0        4         0
                text79                             4C88     4C88       36         0
                text78                             5130     5130       12         0
                text77                             377C     377C      138         0
                text76                             4798     4798       76         0
                text75                             2700     2700      288         0
                text74                             4F02     4F02       2A         0
                text73                             4E4C     4E4C       30         0
                text72                             4B64     4B64       3E         0
                text71                             34D6     34D6      15E         0
                text70                             3634     3634      148         0
                text69                             3C34     3C34      124         0
                text68                             4D26     4D26       32         0
                text67                             4AA6     4AA6       42         0
                text66                             4A64     4A64       42         0
                text65                             508E     508E       1C         0
                text64                             480E     480E       6C         0
                text63                             4C50     4C50       38         0
                text62                             4E7C     4E7C       2E         0
                text61                             44EA     44EA       96         0
                text60                             2988     2988      246         0
                text59                             38B4     38B4      12C         0
                text58                             3F44     3F44       D2         0
                text57                             4CBE     4CBE       34         0
                text56                             4E1C     4E1C       30         0
                text55                             4DEC     4DEC       30         0
                text54                             498C     498C       4A         0
                text53                             2BCE     2BCE      232         0
                text52                             17DE     17DE      630         0
                text51                             493A     493A       52         0
                text50                             4FFE     4FFE       1E         0
                text49                             3378     3378      15E         0
                text48                             3D58     3D58       FA         0
                text47                             211C     211C      306         0
                text46                             4A1E     4A1E       46         0
                text45                             4C16     4C16       3A         0
                text44                             4BDC     4BDC       3A         0
                text43                             49D6     49D6       48         0
                text42                             301A     301A      1B8         0
                text41                             2422     2422      2DE         0
                text40                             1E0E     1E0E      30E         0
                text39                             4DBC     4DBC       30         0
                text38                             1146     1146      698         0
                text37                               20       20      960         0
                text36                             4016     4016       CE         0
                text35                             5072     5072       1C         0
                text34                              980      980      7C6         0
                text33                             2E00     2E00      21A         0
                text32                             4EAA     4EAA       2C         0
                text31                             51DA     51DA        A         0
                text30                             31D2     31D2      1A6         0
                text29                             511E     511E       12         0
                text28                             50DC     50DC       18         0
                text27                             471A     471A       7E         0
                text26                             4F7C     4F7C       22         0
                text25                             50C4     50C4       18         0
                text24                             50F4     50F4       16         0
                text23                             5056     5056       1C         0
                text22                             51D0     51D0        A         0
                text21                             4B26     4B26       3E         0
                text20                             503A     503A       1C         0
                text19                             4FE0     4FE0       1E         0
                text18                             51C6     51C6        A         0
                text17                             51BC     51BC        A         0
                text16                             51B2     51B2        A         0
                text15                             51A8     51A8        A         0
                text14                             519E     519E        A         0
                text13                             42FE     42FE       A4         0
                text12                             5194     5194        A         0
                text11                             518A     518A        A         0
                text10                             5180     5180        A         0
                text9                              5176     5176        A         0
                text8                              516C     516C        A         0
                text7                              425A     425A       A4         0
                text6                              4BA2     4BA2       3A         0
                text5                              39E0     39E0      12A         0
                text4                              5142     5142       10         0
                text3                              469C     469C       7E         0
                text2                              4580     4580       94         0
                text1                              4AE8     4AE8       3E         0
                text0                              3E52     3E52       F2         0
                cinit                              41A0     41A0       BA         0
                idataBANK1                         5152     5152        F         0
                idataBANK0                         5161     5161        B         0
                idataCOMRAM                        5204     5204        1         0

        CLASS   CONST          

        CLASS   SMALLCONST     

        CLASS   MEDIUMCONST    
                mediumconst                        FC64     FC64      39C         0

        CLASS   COMRAM         
                cstackCOMRAM                          1        1       3D         1
                dataCOMRAM                           52       52        1         1
                bssCOMRAM                            3E       3E       12         1
                nvCOMRAM                             50       50        2         1

        CLASS   ABS1           

        CLASS   BIGRAM         
                bssBIGRAM                           3A0      3A0      600         1

        CLASS   RAM            

        CLASS   BANK0          
                cstackBANK0                          60       60       6F         1
                dataBANK0                            EF       EF        B         1
                bssBANK0                             CF       CF       20         1
                nvBANK0                              FA       FA        5         1

        CLASS   BANK1          
                cstackBANK1                         1BF      1BF        4         1
                dataBANK1                           1B0      1B0        F         1
                bssBANK1                            100      100       99         1
                nvBANK1                             199      199       17         1

        CLASS   BANK2          
                bssBANK2                            200      200       F0         1

        CLASS   BANK3          
                bssBANK3                            300      300       A0         1

        CLASS   BANK4          

        CLASS   BANK5          

        CLASS   BANK6          

        CLASS   BANK7          

        CLASS   BANK8          

        CLASS   BANK9          

        CLASS   BANK10         

        CLASS   BANK11         

        CLASS   BANK12         

        CLASS   BANK13         

        CLASS   BANK14         

        CLASS   BANK15         

        CLASS   SFR            

        CLASS   CONFIG         
                config                           300000   300000        A         4

        CLASS   IDLOC          
                idloc                            200000   200000       10         5

        CLASS   EEDATA         

        CLASS   FARRAM         



SEGMENTS        Name                           Load    Length   Top    Selector   Space  Class

                reset_vec                      000000  000004  000004         0       0  CODE    
                cstackCOMRAM                   000001  000052  000053         1       1  COMRAM  
                ivt0x8                         000008  0051FD  005205         4       0  CODE    
                cstackBANK0                    000060  00009F  0000FF        60       1  BANK0   
                bssBANK1                       000100  0000C3  0001C3       100       1  BANK1   
                bssBANK2                       000200  0000F0  0002F0       200       1  BANK2   
                bssBANK3                       000300  0000A0  0003A0       300       1  BANK3   
                bssBIGRAM                      0003A0  000600  0009A0       3A0       1  BIGRAM  
                mediumconst                    00FC64  00039C  010000      7E32       0  MEDIUMCO


UNUSED ADDRESS RANGES

        Name                Unused          Largest block    Delta
        BANK0            0000FF-0000FF                1
        BANK1            0001C3-0001FF               3D
        BANK10           000A00-000AFF              100
        BANK11           000B00-000BFF              100
        BANK12           000C00-000CFF              100
        BANK13           000D00-000DFF              100
        BANK14           000E00-000EFF              100
        BANK15           000F00-000FFF              100
        BANK2            0002F0-0002FF               10
        BANK9            0009A0-0009FF               60
        BIGRAM           000053-00005F                D
                         0000FF-0000FF                1
                         0001C3-0001FF               3D
                         0002F0-0002FF               10
                         0009A0-000FFF              660
        CODE             000004-000007                4
                         005205-00FC63             AA5F
        COMRAM           000053-00005F                D
        CONST            000004-000007                4
                         005205-00FC63             AA5F
        EEDATA           310000-3103FF              400
        MEDIUMCONST      005205-00FC63             AA5F
        RAM              0000FF-0000FF                1
                         0001C3-0001FF               3D
                         0002F0-0002FF               10
                         0009A0-000FFF              100
        SFR              003700-003FFF              100
        SMALLCONST       005205-00FC63              100
        STACK            0009A0-000FFF              660

                                  Symbol Table

?___aodiv                                          cstackCOMRAM 00000E
?___aomod                                          cstackCOMRAM 00000E
?___wmul                                           cstackCOMRAM 00000E
?_abs                                              cstackCOMRAM 000020
?_atoi                                             cstackCOMRAM 000015
?_convertReg2ExtendedCANid                         cstackCOMRAM 00000E
?_convertReg2StandardCANid                         cstackCOMRAM 00000E
?_dtoa                                             cstackCOMRAM 00002B
?_isalpha                                          cstackCOMRAM 00000E
?_isdigit                                          cstackCOMRAM 00000E
?_islower                                          cstackCOMRAM 00000E
?_isspace                                          cstackCOMRAM 00000E
?_isupper                                          cstackCOMRAM 00000E
?_pad                                              cstackCOMRAM 000020
?_printf                                           cstackBANK0  0000A3
?_stoa                                             cstackCOMRAM 000019
?_strlen                                           cstackCOMRAM 00000E
?_strncmp                                          cstackCOMRAM 00000E
?_toupper                                          cstackCOMRAM 000014
?_vfpfcnvrt                                        cstackBANK0  000074
?_vfprintf                                         cstackBANK0  00009C
?_xtoa                                             cstackCOMRAM 00002B
Beep@duration                                      cstackCOMRAM 000013
Beep_loose@i                                       cstackCOMRAM 000013
CAN_messagesInBuffer@messageCount                  cstackCOMRAM 00000E
CAN_receive@returnValue                            cstackCOMRAM 000023
CAN_receive@tempCanMsg                             cstackCOMRAM 000021
CAN_receive_msg@ret                                cstackBANK0  0000BA
CAN_send_ball_moved_msg@ret                        cstackBANK0  0000B6
CAN_send_player_moved_msg@player_posx              cstackBANK0  0000B7
CAN_send_player_moved_msg@player_posy              cstackBANK0  0000B6
CAN_send_player_moved_msg@ret                      cstackBANK0  0000B8
CAN_send_start_msg@ret                             cstackBANK0  0000B6
CAN_send_stop_msg@ret                              cstackBANK0  0000B6
CAN_transmit@returnValue                           cstackCOMRAM 00001E
CAN_transmit@tempCanMsg                            cstackCOMRAM 00001C
CAN_transmit@tempEIDH                              cstackCOMRAM 00001F
CAN_transmit@tempEIDL                              cstackCOMRAM 000020
CAN_transmit@tempSIDH                              cstackCOMRAM 000021
CAN_transmit@tempSIDL                              cstackCOMRAM 000022
Check_keys@player_moved                            cstackBANK0  0000BF
Copy_game_array_to_video_buffer@x                  cstackCOMRAM 00001C
Copy_game_array_to_video_buffer@x_3579             cstackCOMRAM 00001D
Copy_game_array_to_video_buffer@y                  cstackCOMRAM 00001E
Delay_ms@i                                         cstackCOMRAM 000011
Delay_ms@ms                                        cstackCOMRAM 00000E
ECAN_SetWakeUpInterruptHandler@handler             cstackCOMRAM 00000E
Fade_in@i                                          cstackCOMRAM 00001E
Fade_in@max_colour                                 cstackCOMRAM 00001F
Fade_in@x                                          cstackCOMRAM 000021
Fade_in@y                                          cstackCOMRAM 000020
Fade_out@i                                         cstackCOMRAM 000018
Fade_out@max_colour                                cstackCOMRAM 000019
Fade_out@x                                         cstackCOMRAM 00001A
Fade_out@y                                         cstackCOMRAM 00001B
Game_play@game_end                                 cstackBANK0  0000CD
Game_play@last_time_key_checked                    cstackBANK0  0000C8
Game_play@last_time_move_ball                      cstackBANK0  0000C4
Game_play@ret_can                                  cstackBANK0  0000CC
IVTBASEH                                           (abs)        003FD6
IVTBASEL                                           (abs)        003FD5
IVTBASEU                                           (abs)        003FD7
PWM1_LoadDutyValue@dutyValue                       cstackCOMRAM 00000E
Reset_game_display@x                               cstackCOMRAM 000026
Reset_game_display@y                               cstackCOMRAM 000027
Sound@freq                                         cstackCOMRAM 000011
Sound@status                                       cstackCOMRAM 000010
TMR0_SetInterruptHandler@InterruptHandler          cstackCOMRAM 00000E
UART1_SetErrorHandler@interruptHandler             cstackCOMRAM 00000E
UART1_SetFramingErrorHandler@interruptHandler      cstackCOMRAM 00000E
UART1_SetOverrunErrorHandler@interruptHandler      cstackCOMRAM 00000E
UART1_SetRxInterruptHandler@InterruptHandler       cstackCOMRAM 00000E
UART1_SetTxInterruptHandler@InterruptHandler       cstackCOMRAM 00000E
UART1_Write@txData                                 cstackCOMRAM 00000E
UART2_SetErrorHandler@interruptHandler             cstackCOMRAM 00000E
UART2_SetFramingErrorHandler@interruptHandler      cstackCOMRAM 00000E
UART2_SetOverrunErrorHandler@interruptHandler      cstackCOMRAM 00000E
UART2_SetRxInterruptHandler@InterruptHandler       cstackCOMRAM 00000E
UART2_SetTxInterruptHandler@InterruptHandler       cstackCOMRAM 00000E
UART2_Write@txData                                 cstackCOMRAM 00000E
_ANSELA                                            (abs)        003A40
_ANSELB                                            (abs)        003A50
_ANSELBbits                                        (abs)        003A50
_ANSELC                                            (abs)        003A60
_BRGCON1                                           (abs)        003703
_BRGCON2                                           (abs)        003704
_BRGCON3                                           (abs)        003705
_BSEL0                                             (abs)        00373D
_Beep                                              text83       004F9E
_Beep_loose                                        text79       004C88
_Beep_reset                                        text82       004F56
_CANCON                                            (abs)        003F8F
_CANRXPPS                                          (abs)        003AED
_CANSTAT                                           (abs)        003F8E
_CAN_messagesInBuffer                              text78       005130
_CAN_receive                                       text75       002700
_CAN_receive_msg                                   text49       003378
_CAN_send_ball_moved_msg                           text46       004A1E
_CAN_send_player_moved_msg                         text43       0049D6
_CAN_send_start_msg                                text45       004C16
_CAN_send_stop_msg                                 text44       004BDC
_CAN_transmit                                      text47       00211C
_CCP1CON                                           (abs)        003F7E
_CCP1CONbits                                       (abs)        003F7E
_CCPR1H                                            (abs)        003F7D
_CCPR1L                                            (abs)        003F7C
_CCPTMRS0bits                                      (abs)        003F5E
_CCPTMRS1bits                                      (abs)        003F5F
_CIOCON                                            (abs)        003700
_CLC2CON                                           (abs)        003C6A
_CLC2GLS0                                          (abs)        003C70
_CLC2GLS1                                          (abs)        003C71
_CLC2GLS2                                          (abs)        003C72
_CLC2GLS3                                          (abs)        003C73
_CLC2POL                                           (abs)        003C6B
_CLC2SEL0                                          (abs)        003C6C
_CLC2SEL1                                          (abs)        003C6D
_CLC2SEL2                                          (abs)        003C6E
_CLC2SEL3                                          (abs)        003C6F
_CLC2_Initialize                                   text32       004EAA
_Check_keys                                        text42       00301A
_Copy_game_array_to_video_buffer                   text41       002422
_DMA1AIRQ                                          (abs)        003BFE
_DMA1CON0                                          (abs)        003BFC
_DMA1CON0bits                                      (abs)        003BFC
_DMA1CON1bits                                      (abs)        003BFD
_DMA1DSA                                           (abs)        003BF0
_DMA1DSZ                                           (abs)        003BEE
_DMA1PR                                            (abs)        0039F3
_DMA1SIRQ                                          (abs)        003BFF
_DMA1SSA                                           (abs)        003BF9
_DMA1SSZ                                           (abs)        003BF7
_DMA2AIRQ                                          (abs)        003BDE
_DMA2CON0                                          (abs)        003BDC
_DMA2CON0bits                                      (abs)        003BDC
_DMA2CON1bits                                      (abs)        003BDD
_DMA2DSA                                           (abs)        003BD0
_DMA2DSZ                                           (abs)        003BCE
_DMA2PR                                            (abs)        0039F4
_DMA2SCNT                                          (abs)        003BD2
_DMA2SIRQ                                          (abs)        003BDF
_DMA2SSA                                           (abs)        003BD9
_DMA2SSZ                                           (abs)        003BD7
_Delay_ms                                          text86       004ED6
_ECANCON                                           (abs)        003F91
_ECAN_Initialize                                   text30       0031D2
_ECAN_SetWakeUpInterruptHandler                    text31       0051DA
_ECAN_WAKI_ISR                                     text106      00501C
_Fade_in                                           text38       001146
_Fade_out                                          text40       001E0E
_Game_array                                        bssBIGRAM    0006A0
_Game_play                                         text33       002E00
_INLVLA                                            (abs)        003A44
_INLVLB                                            (abs)        003A54
_INLVLC                                            (abs)        003A64
_INLVLE                                            (abs)        003A84
_INTCON0bits                                       (abs)        003FD2
_INTERRUPT_Initialize                              text29       00511E
_INTERRUPT_InterruptManagerHigh                    text93       004614
_INTERRUPT_InterruptManagerLow                     text87       0050AA
_IPR3bits                                          (abs)        003983
_IPR5bits                                          (abs)        003985
_IPR7bits                                          (abs)        003987
_ISRPR                                             (abs)        0039F1
_Init_game                                         text35       005072
_Init_player_ball_positions                        text39       004DBC
_LATA                                              (abs)        003FBA
_LATB                                              (abs)        003FBB
_LATBbits                                          (abs)        003FBB
_LATC                                              (abs)        003FBC
_MAINPR                                            (abs)        0039F2
_MSEL0                                             (abs)        003739
_MSEL1                                             (abs)        00373A
_MSEL2                                             (abs)        00373B
_MSEL3                                             (abs)        00373C
_Move_ball                                         text34       000980
_ODCONA                                            (abs)        003A42
_ODCONB                                            (abs)        003A52
_ODCONC                                            (abs)        003A62
_OSCCON1                                           (abs)        0039D9
_OSCCON3                                           (abs)        0039DB
_OSCEN                                             (abs)        0039DD
_OSCFRQ                                            (abs)        0039DF
_OSCILLATOR_Initialize                             text28       0050DC
_OSCTUNE                                           (abs)        0039DE
_PIE3bits                                          (abs)        003993
_PIE5bits                                          (abs)        003995
_PIE6bits                                          (abs)        003996
_PIE7bits                                          (abs)        003997
_PIN_MANAGER_Initialize                            text27       00471A
_PIR3bits                                          (abs)        0039A3
_PIR4bits                                          (abs)        0039A4
_PIR5bits                                          (abs)        0039A5
_PIR6bits                                          (abs)        0039A6
_PIR7bits                                          (abs)        0039A7
_PIR8bits                                          (abs)        0039A8
_PMD0                                              (abs)        0039C0
_PMD1                                              (abs)        0039C1
_PMD2                                              (abs)        0039C2
_PMD3                                              (abs)        0039C3
_PMD4                                              (abs)        0039C4
_PMD5                                              (abs)        0039C5
_PMD6                                              (abs)        0039C6
_PMD7                                              (abs)        0039C7
_PMD_Initialize                                    text26       004F7C
_PORTAbits                                         (abs)        003FCA
_PR4                                               (abs)        003F9F
_PWM1_Initialize                                   text25       0050C4
_PWM1_LoadDutyValue                                text85       004CF2
_PWM5CON                                           (abs)        003F6E
_PWM5DCH                                           (abs)        003F6D
_PWM5DCL                                           (abs)        003F6C
_PWM5_Initialize                                   text24       0050F4
_PixelBase                                         bssBANK1     000196
_RB2PPS                                            (abs)        003A0A
_RB3PPS                                            (abs)        003A0B
_RB4PPS                                            (abs)        003A0C
_RC2PPS                                            (abs)        003A12
_RC3PPS                                            (abs)        003A13
_RC5PPS                                            (abs)        003A15
_RXB0CONbits                                       (abs)        003F80
_RXB0D0                                            (abs)        003F86
_RXB0D1                                            (abs)        003F87
_RXB0D2                                            (abs)        003F88
_RXB0D3                                            (abs)        003F89
_RXB0D4                                            (abs)        003F8A
_RXB0D5                                            (abs)        003F8B
_RXB0D6                                            (abs)        003F8C
_RXB0D7                                            (abs)        003F8D
_RXB0DLC                                           (abs)        003F85
_RXB0EIDH                                          (abs)        003F83
_RXB0EIDL                                          (abs)        003F84
_RXB0SIDH                                          (abs)        003F81
_RXB0SIDL                                          (abs)        003F82
_RXB1CONbits                                       (abs)        0037F0
_RXB1D0                                            (abs)        0037F6
_RXB1D1                                            (abs)        0037F7
_RXB1D2                                            (abs)        0037F8
_RXB1D3                                            (abs)        0037F9
_RXB1D4                                            (abs)        0037FA
_RXB1D5                                            (abs)        0037FB
_RXB1D6                                            (abs)        0037FC
_RXB1D7                                            (abs)        0037FD
_RXB1DLC                                           (abs)        0037F5
_RXB1EIDH                                          (abs)        0037F3
_RXB1EIDL                                          (abs)        0037F4
_RXB1SIDH                                          (abs)        0037F1
_RXB1SIDL                                          (abs)        0037F2
_RXF0EIDH                                          (abs)        0037A2
_RXF0EIDL                                          (abs)        0037A3
_RXF0SIDH                                          (abs)        0037A0
_RXF0SIDL                                          (abs)        0037A1
_RXF10EIDH                                         (abs)        00371A
_RXF10EIDL                                         (abs)        00371B
_RXF10SIDH                                         (abs)        003718
_RXF10SIDL                                         (abs)        003719
_RXF11EIDH                                         (abs)        00371E
_RXF11EIDL                                         (abs)        00371F
_RXF11SIDH                                         (abs)        00371C
_RXF11SIDL                                         (abs)        00371D
_RXF12EIDH                                         (abs)        003722
_RXF12EIDL                                         (abs)        003723
_RXF12SIDH                                         (abs)        003720
_RXF12SIDL                                         (abs)        003721
_RXF13EIDH                                         (abs)        003726
_RXF13EIDL                                         (abs)        003727
_RXF13SIDH                                         (abs)        003724
_RXF13SIDL                                         (abs)        003725
_RXF14EIDH                                         (abs)        00372A
_RXF14EIDL                                         (abs)        00372B
_RXF14SIDH                                         (abs)        003728
_RXF14SIDL                                         (abs)        003729
_RXF15EIDH                                         (abs)        00372E
_RXF15EIDL                                         (abs)        00372F
_RXF15SIDH                                         (abs)        00372C
_RXF15SIDL                                         (abs)        00372D
_RXF1EIDH                                          (abs)        0037A6
_RXF1EIDL                                          (abs)        0037A7
_RXF1SIDH                                          (abs)        0037A4
_RXF1SIDL                                          (abs)        0037A5
_RXF2EIDH                                          (abs)        0037AA
_RXF2EIDL                                          (abs)        0037AB
_RXF2SIDH                                          (abs)        0037A8
_RXF2SIDL                                          (abs)        0037A9
_RXF3EIDH                                          (abs)        0037AE
_RXF3EIDL                                          (abs)        0037AF
_RXF3SIDH                                          (abs)        0037AC
_RXF3SIDL                                          (abs)        0037AD
_RXF4EIDH                                          (abs)        0037B2
_RXF4EIDL                                          (abs)        0037B3
_RXF4SIDH                                          (abs)        0037B0
_RXF4SIDL                                          (abs)        0037B1
_RXF5EIDH                                          (abs)        0037B6
_RXF5EIDL                                          (abs)        0037B7
_RXF5SIDH                                          (abs)        0037B4
_RXF5SIDL                                          (abs)        0037B5
_RXF6EIDH                                          (abs)        00370A
_RXF6EIDL                                          (abs)        00370B
_RXF6SIDH                                          (abs)        003708
_RXF6SIDL                                          (abs)        003709
_RXF7EIDH                                          (abs)        00370E
_RXF7EIDL                                          (abs)        00370F
_RXF7SIDH                                          (abs)        00370C
_RXF7SIDL                                          (abs)        00370D
_RXF8EIDH                                          (abs)        003712
_RXF8EIDL                                          (abs)        003713
_RXF8SIDH                                          (abs)        003710
_RXF8SIDL                                          (abs)        003711
_RXF9EIDH                                          (abs)        003716
_RXF9EIDL                                          (abs)        003717
_RXF9SIDH                                          (abs)        003714
_RXF9SIDL                                          (abs)        003715
_RXFBCON0                                          (abs)        003731
_RXFBCON1                                          (abs)        003732
_RXFBCON2                                          (abs)        003733
_RXFBCON3                                          (abs)        003734
_RXFBCON4                                          (abs)        003735
_RXFBCON5                                          (abs)        003736
_RXFBCON6                                          (abs)        003737
_RXFBCON7                                          (abs)        003738
_RXFCON0                                           (abs)        003706
_RXFCON1                                           (abs)        003707
_RXM0EIDH                                          (abs)        0037BA
_RXM0EIDL                                          (abs)        0037BB
_RXM0SIDH                                          (abs)        0037B8
_RXM0SIDL                                          (abs)        0037B9
_RXM1EIDH                                          (abs)        0037BE
_RXM1EIDL                                          (abs)        0037BF
_RXM1SIDH                                          (abs)        0037BC
_RXM1SIDL                                          (abs)        0037BD
_Reset_game_display                                text36       004016
_SCANPR                                            (abs)        0039F7
_SLRCONA                                           (abs)        003A43
_SLRCONB                                           (abs)        003A53
_SLRCONC                                           (abs)        003A63
_SPI1BAUD                                          (abs)        003D19
_SPI1CLK                                           (abs)        003D1C
_SPI1CON0                                          (abs)        003D14
_SPI1CON0bits                                      (abs)        003D14
_SPI1CON1                                          (abs)        003D15
_SPI1CON2                                          (abs)        003D16
_SPI1SCKPPS                                        (abs)        003AE0
_SPI1SDIPPS                                        (abs)        003AE1
_SPI1TCNTH                                         (abs)        003D13
_SPI1TCNTL                                         (abs)        003D12
_SPI1TWIDTH                                        (abs)        003D18
_SPI1_Initialize                                   text23       005056
_SYSTEM_Initialize                                 text6        004BA2
_Sound                                             text84       004F2C
_T0CON0                                            (abs)        003FB8
_T0CON0bits                                        (abs)        003FB8
_T0CON1                                            (abs)        003FB9
_T2CLKCON                                          (abs)        003FAE
_T2CON                                             (abs)        003FAC
_T2HLT                                             (abs)        003FAD
_T2PR                                              (abs)        003FAB
_T2RST                                             (abs)        003FAF
_T2TMR                                             (abs)        003FAA
_T4CLKCON                                          (abs)        003FA2
_T4CON                                             (abs)        003FA0
_T4HLT                                             (abs)        003FA1
_T4PR                                              (abs)        003F9F
_T4RST                                             (abs)        003FA3
_T4TMR                                             (abs)        003F9E
_TMR0H                                             (abs)        003FB7
_TMR0L                                             (abs)        003FB6
_TMR0_CallBack                                     text89       004FC0
_TMR0_DefaultInterruptHandler                      text90       0051F8
_TMR0_ISR                                          text88       00510A
_TMR0_Initialize                                   text21       004B26
_TMR0_InterruptHandler                             nvBANK1      000199
_TMR0_SetInterruptHandler                          text22       0051D0
_TMR0_StartTimer                                   text81       0051F4
_TMR0_StopTimer                                    text80       0051F0
_TMR2_Initialize                                   text20       00503A
_TMR4_Initialize                                   text19       004FE0
_TRISA                                             (abs)        003FC2
_TRISB                                             (abs)        003FC3
_TRISBbits                                         (abs)        003FC3
_TRISC                                             (abs)        003FC4
_TXB0CONbits                                       (abs)        0037E0
_TXB0D0                                            (abs)        0037E6
_TXB0D1                                            (abs)        0037E7
_TXB0D2                                            (abs)        0037E8
_TXB0D3                                            (abs)        0037E9
_TXB0D4                                            (abs)        0037EA
_TXB0D5                                            (abs)        0037EB
_TXB0D6                                            (abs)        0037EC
_TXB0D7                                            (abs)        0037ED
_TXB0DLC                                           (abs)        0037E5
_TXB0EIDH                                          (abs)        0037E3
_TXB0EIDL                                          (abs)        0037E4
_TXB0SIDH                                          (abs)        0037E1
_TXB0SIDL                                          (abs)        0037E2
_TXB1CONbits                                       (abs)        0037D0
_TXB1D0                                            (abs)        0037D6
_TXB1D1                                            (abs)        0037D7
_TXB1D2                                            (abs)        0037D8
_TXB1D3                                            (abs)        0037D9
_TXB1D4                                            (abs)        0037DA
_TXB1D5                                            (abs)        0037DB
_TXB1D6                                            (abs)        0037DC
_TXB1D7                                            (abs)        0037DD
_TXB1DLC                                           (abs)        0037D5
_TXB1EIDH                                          (abs)        0037D3
_TXB1EIDL                                          (abs)        0037D4
_TXB1SIDH                                          (abs)        0037D1
_TXB1SIDL                                          (abs)        0037D2
_TXB2CONbits                                       (abs)        0037C0
_TXB2D0                                            (abs)        0037C6
_TXB2D1                                            (abs)        0037C7
_TXB2D2                                            (abs)        0037C8
_TXB2D3                                            (abs)        0037C9
_TXB2D4                                            (abs)        0037CA
_TXB2D5                                            (abs)        0037CB
_TXB2D6                                            (abs)        0037CC
_TXB2D7                                            (abs)        0037CD
_TXB2DLC                                           (abs)        0037C5
_TXB2EIDH                                          (abs)        0037C3
_TXB2EIDL                                          (abs)        0037C4
_TXB2SIDH                                          (abs)        0037C1
_TXB2SIDL                                          (abs)        0037C2
_U1BRGH                                            (abs)        003DF6
_U1BRGL                                            (abs)        003DF5
_U1CON0                                            (abs)        003DF2
_U1CON1                                            (abs)        003DF3
_U1CON2                                            (abs)        003DF4
_U1ERRIE                                           (abs)        003DFA
_U1ERRIR                                           (abs)        003DF9
_U1ERRIRbits                                       (abs)        003DF9
_U1FIFO                                            (abs)        003DF7
_U1P1H                                             (abs)        003DED
_U1P1L                                             (abs)        003DEC
_U1P2H                                             (abs)        003DEF
_U1P2L                                             (abs)        003DEE
_U1P3H                                             (abs)        003DF1
_U1P3L                                             (abs)        003DF0
_U1RXB                                             (abs)        003DE8
_U1RXPPS                                           (abs)        003AE7
_U1TXB                                             (abs)        003DEA
_U1UIR                                             (abs)        003DF8
_U2BRGH                                            (abs)        003DDE
_U2BRGL                                            (abs)        003DDD
_U2CON0                                            (abs)        003DDA
_U2CON1                                            (abs)        003DDB
_U2CON2                                            (abs)        003DDC
_U2ERRIE                                           (abs)        003DE2
_U2ERRIR                                           (abs)        003DE1
_U2ERRIRbits                                       (abs)        003DE1
_U2FIFO                                            (abs)        003DDF
_U2P1H                                             (abs)        003DD5
_U2P1L                                             (abs)        003DD4
_U2P2H                                             (abs)        003DD7
_U2P2L                                             (abs)        003DD6
_U2P3H                                             (abs)        003DD9
_U2P3L                                             (abs)        003DD8
_U2RXB                                             (abs)        003DD0
_U2RXPPS                                           (abs)        003AEA
_U2TXB                                             (abs)        003DD2
_U2UIR                                             (abs)        003DE0
_UART1_DefaultErrorHandler                         text104      0051EA
_UART1_DefaultFramingErrorHandler                  text103      005200
_UART1_DefaultOverrunErrorHandler                  text102      0051FE
_UART1_ErrorHandler                                nvBANK1      0001A1
_UART1_FramingErrorHandler                         nvBANK1      0001A5
_UART1_Initialize                                  text13       0042FE
_UART1_OverrunErrorHandler                         nvBANK1      0001A3
_UART1_Receive_ISR                                 text101      004446
_UART1_RxDataHandler                               text105      0048DA
_UART1_RxInterruptHandler                          nvBANK1      0001A9
_UART1_SetErrorHandler                             text18       0051C6
_UART1_SetFramingErrorHandler                      text17       0051BC
_UART1_SetOverrunErrorHandler                      text16       0051B2
_UART1_SetRxInterruptHandler                       text15       0051A8
_UART1_SetTxInterruptHandler                       text14       00519E
_UART1_Transmit_ISR                                text100      004D8A
_UART1_TxInterruptHandler                          nvBANK1      0001A7
_UART1_Write                                       text66       004A64
_UART2_DefaultErrorHandler                         text98       0051E4
_UART2_DefaultFramingErrorHandler                  text97       0051FC
_UART2_DefaultOverrunErrorHandler                  text96       0051FA
_UART2_ErrorHandler                                nvBANK1      00019B
_UART2_FramingErrorHandler                         nvBANK1      00019F
_UART2_Initialize                                  text7        00425A
_UART2_OverrunErrorHandler                         nvBANK1      00019D
_UART2_Receive_ISR                                 text95       0043A2
_UART2_RxDataHandler                               text99       00487A
_UART2_RxInterruptHandler                          nvBANK1      0001AD
_UART2_SetErrorHandler                             text12       005194
_UART2_SetFramingErrorHandler                      text11       00518A
_UART2_SetOverrunErrorHandler                      text10       005180
_UART2_SetRxInterruptHandler                       text9        005176
_UART2_SetTxInterruptHandler                       text8        00516C
_UART2_Transmit_ISR                                text94       004D58
_UART2_TxInterruptHandler                          nvBANK1      0001AB
_UART2_Write                                       text67       004AA6
_Update_game_board                                 text37       000020
_Video_array                                       bssBIGRAM    0003A0
_WPUA                                              (abs)        003A41
_WPUB                                              (abs)        003A51
_WPUC                                              (abs)        003A61
_WPUE                                              (abs)        003A81
_WakeUpDefaultInterruptHandler                     text107      005202
_WakeUpInterruptHandler                            bssBANK0     0000DD
__HRAM                                             (abs)        000000
__Habs1                                            abs1         000000
__Hbank0                                           bank0        000000
__Hbank1                                           bank1        000000
__Hbank10                                          bank10       000000
__Hbank11                                          bank11       000000
__Hbank12                                          bank12       000000
__Hbank13                                          bank13       000000
__Hbank14                                          bank14       000000
__Hbank15                                          bank15       000000
__Hbank2                                           bank2        000000
__Hbank3                                           bank3        000000
__Hbank4                                           bank4        000000
__Hbank5                                           bank5        000000
__Hbank6                                           bank6        000000
__Hbank7                                           bank7        000000
__Hbank8                                           bank8        000000
__Hbank9                                           bank9        000000
__Hbigbss                                          bigbss       000000
__Hbigdata                                         bigdata      000000
__Hbigram                                          bigram       000000
__Hbss                                             bss          000000
__HbssBANK0                                        bssBANK0     000000
__HbssBANK1                                        bssBANK1     000000
__HbssBANK2                                        bssBANK2     000000
__HbssBANK3                                        bssBANK3     000000
__HbssBIGRAM                                       bssBIGRAM    000000
__HbssCOMRAM                                       bssCOMRAM    000000
__Hcinit                                           cinit        000000
__Hclrtext                                         clrtext      000000
__Hcomram                                          comram       000000
__Hconfig                                          config       30000A
__Hconst                                           const        000000
__HcstackBANK0                                     cstackBANK0  000000
__HcstackBANK1                                     cstackBANK1  000000
__HcstackCOMRAM                                    cstackCOMRAM 000000
__Hdata                                            data         000000
__HdataBANK0                                       dataBANK0    000000
__HdataBANK1                                       dataBANK1    000000
__HdataCOMRAM                                      dataCOMRAM   000000
__Heeprom_data                                     eeprom_data  000000
__Hfarbss                                          farbss       000000
__Hfardata                                         fardata      000000
__Hibigdata                                        ibigdata     000000
__Hidata                                           idata        000000
__HidataBANK0                                      idataBANK0   000000
__HidataBANK1                                      idataBANK1   000000
__HidataCOMRAM                                     idataCOMRAM  000000
__Hidloc                                           idloc        200010
__Hifardata                                        ifardata     000000
__Hinit                                            init         000020
__Hintsave_regs                                    intsave_regs 000000
__Hirdata                                          irdata       000000
__Hivt0x8                                          ivt0x8       00001C
__Hmediumconst                                     mediumconst  010000
__HnvBANK0                                         nvBANK0      000000
__HnvBANK1                                         nvBANK1      000000
__HnvCOMRAM                                        nvCOMRAM     000000
__HnvFARRAM                                        nvFARRAM     000000
__Hnvbit                                           nvbit        000000
__Hnvrram                                          nvrram       000000
__Hparam                                           rparam       000000
__Hpowerup                                         powerup      000000
__Hram                                             ram          000000
__Hramtop                                          ramtop       001000
__Hrbit                                            rbit         000000
__Hrbss                                            rbss         000000
__Hrdata                                           rdata        000000
__Hreset_vec                                       reset_vec    000004
__Hrparam                                          rparam       000000
__Hsfr                                             sfr          000000
__Hsmallconst                                      smallconst   000000
__Hspace_0                                         (abs)        010000
__Hspace_1                                         (abs)        0009A0
__Hspace_2                                         (abs)        000000
__Hspace_4                                         (abs)        60000A
__Hstack                                           stack        000000
__Hstruct                                          struct       000000
__Htemp                                            temp         000000
__Htext                                            text         000000
__Htext0                                           text0        000000
__Htext1                                           text1        000000
__Htext10                                          text10       000000
__Htext100                                         text100      000000
__Htext101                                         text101      000000
__Htext102                                         text102      000000
__Htext103                                         text103      000000
__Htext104                                         text104      000000
__Htext105                                         text105      000000
__Htext106                                         text106      000000
__Htext107                                         text107      000000
__Htext108                                         text108      000000
__Htext11                                          text11       000000
__Htext12                                          text12       000000
__Htext13                                          text13       000000
__Htext14                                          text14       000000
__Htext15                                          text15       000000
__Htext16                                          text16       000000
__Htext17                                          text17       000000
__Htext18                                          text18       000000
__Htext19                                          text19       000000
__Htext2                                           text2        000000
__Htext20                                          text20       000000
__Htext21                                          text21       000000
__Htext22                                          text22       000000
__Htext23                                          text23       000000
__Htext24                                          text24       000000
__Htext25                                          text25       000000
__Htext26                                          text26       000000
__Htext27                                          text27       000000
__Htext28                                          text28       000000
__Htext29                                          text29       000000
__Htext3                                           text3        000000
__Htext30                                          text30       000000
__Htext31                                          text31       000000
__Htext32                                          text32       000000
__Htext33                                          text33       000000
__Htext34                                          text34       000000
__Htext35                                          text35       000000
__Htext36                                          text36       000000
__Htext37                                          text37       000000
__Htext38                                          text38       000000
__Htext39                                          text39       000000
__Htext4                                           text4        000000
__Htext40                                          text40       000000
__Htext41                                          text41       000000
__Htext42                                          text42       000000
__Htext43                                          text43       000000
__Htext44                                          text44       000000
__Htext45                                          text45       000000
__Htext46                                          text46       000000
__Htext47                                          text47       000000
__Htext48                                          text48       000000
__Htext49                                          text49       000000
__Htext5                                           text5        000000
__Htext50                                          text50       000000
__Htext51                                          text51       000000
__Htext52                                          text52       000000
__Htext53                                          text53       000000
__Htext54                                          text54       000000
__Htext55                                          text55       000000
__Htext56                                          text56       000000
__Htext57                                          text57       000000
__Htext58                                          text58       000000
__Htext59                                          text59       000000
__Htext6                                           text6        000000
__Htext60                                          text60       000000
__Htext61                                          text61       000000
__Htext62                                          text62       000000
__Htext63                                          text63       000000
__Htext64                                          text64       000000
__Htext65                                          text65       000000
__Htext66                                          text66       000000
__Htext67                                          text67       000000
__Htext68                                          text68       000000
__Htext69                                          text69       000000
__Htext7                                           text7        000000
__Htext70                                          text70       000000
__Htext71                                          text71       000000
__Htext72                                          text72       000000
__Htext73                                          text73       000000
__Htext74                                          text74       000000
__Htext75                                          text75       000000
__Htext76                                          text76       000000
__Htext77                                          text77       000000
__Htext78                                          text78       000000
__Htext79                                          text79       000000
__Htext8                                           text8        000000
__Htext80                                          text80       000000
__Htext81                                          text81       000000
__Htext82                                          text82       000000
__Htext83                                          text83       000000
__Htext84                                          text84       000000
__Htext85                                          text85       000000
__Htext86                                          text86       000000
__Htext87                                          text87       000000
__Htext88                                          text88       000000
__Htext89                                          text89       000000
__Htext9                                           text9        000000
__Htext90                                          text90       000000
__Htext91                                          text91       000000
__Htext92                                          text92       000000
__Htext93                                          text93       000000
__Htext94                                          text94       000000
__Htext95                                          text95       000000
__Htext96                                          text96       000000
__Htext97                                          text97       000000
__Htext98                                          text98       000000
__Htext99                                          text99       000000
__LRAM                                             (abs)        000001
__Labs1                                            abs1         000000
__Lbank0                                           bank0        000000
__Lbank1                                           bank1        000000
__Lbank10                                          bank10       000000
__Lbank11                                          bank11       000000
__Lbank12                                          bank12       000000
__Lbank13                                          bank13       000000
__Lbank14                                          bank14       000000
__Lbank15                                          bank15       000000
__Lbank2                                           bank2        000000
__Lbank3                                           bank3        000000
__Lbank4                                           bank4        000000
__Lbank5                                           bank5        000000
__Lbank6                                           bank6        000000
__Lbank7                                           bank7        000000
__Lbank8                                           bank8        000000
__Lbank9                                           bank9        000000
__Lbigbss                                          bigbss       000000
__Lbigdata                                         bigdata      000000
__Lbigram                                          bigram       000000
[...]
_toupper$4428                                      cstackCOMRAM 00001A
_uart1RxBuffer                                     bssBANK1     000100
_uart1RxCount                                      bssCOMRAM    00004D
_uart1RxHead                                       nvCOMRAM     000051
_uart1RxLastError                                  bssCOMRAM    00004C
_uart1RxStatusBuffer                               bssBANK2     0002A0
_uart1RxTail                                       nvBANK0      0000FD
_uart1TxBuffer                                     bssBANK3     000350
_uart1TxBufferRemaining                            nvBANK0      0000FE
_uart1TxHead                                       bssCOMRAM    00004F
_uart1TxTail                                       bssCOMRAM    00004E
_uart2RxBuffer                                     bssBANK2     000250
_uart2RxCount                                      bssCOMRAM    000049
_uart2RxHead                                       nvCOMRAM     000050
_uart2RxLastError                                  bssCOMRAM    000048
_uart2RxStatusBuffer                               bssBANK2     000200
_uart2RxTail                                       nvBANK1      0001AF
_uart2TxBuffer                                     bssBANK3     000300
_uart2TxBufferRemaining                            nvBANK0      0000FC
_uart2TxHead                                       bssCOMRAM    00004B
_uart2TxTail                                       bssCOMRAM    00004A
_vfpfcnvrt                                         text52       0017DE
_vfpfcnvrt$4306                                    cstackBANK0  000089
_vfprintf                                          text51       00493A
_width                                             bssCOMRAM    000042
_ws2812_bits                                       bssBANK1     000150
_ws2812_send                                       text5        0039E0
_xtoa                                              text53       002BCE
_xtoa$4291                                         cstackBANK0  000060
_xtoa$4292                                         cstackBANK0  000062
abs@a                                              cstackCOMRAM 000020
atoi@n                                             cstackCOMRAM 000022
atoi@neg                                           cstackCOMRAM 00001B
atoi@s                                             cstackCOMRAM 000015
convertCANid2Reg@canIdType                         cstackCOMRAM 000012
convertCANid2Reg@passedInEIDH                      cstackCOMRAM 000013
convertCANid2Reg@passedInEIDL                      cstackCOMRAM 000014
convertCANid2Reg@passedInSIDH                      cstackCOMRAM 000015
convertCANid2Reg@passedInSIDL                      cstackCOMRAM 000016
convertCANid2Reg@tempPassedInID                    cstackCOMRAM 00000E
convertCANid2Reg@wipSIDL                           cstackCOMRAM 00001B
convertReg2ExtendedCANid@CAN_standardLo_ID_hi3bits cstackCOMRAM 00001C
convertReg2ExtendedCANid@CAN_standardLo_ID_lo2bits cstackCOMRAM 00001B
convertReg2ExtendedCANid@ConvertedID               cstackCOMRAM 00001D
convertReg2ExtendedCANid@returnValue               cstackCOMRAM 000017
convertReg2ExtendedCANid@tempRXBn_EIDH             cstackCOMRAM 000016
convertReg2ExtendedCANid@tempRXBn_EIDL             cstackCOMRAM 00000E
convertReg2ExtendedCANid@tempRXBn_SIDH             cstackCOMRAM 00000F
convertReg2ExtendedCANid@tempRXBn_SIDL             cstackCOMRAM 000010
convertReg2StandardCANid@ConvertedID               cstackCOMRAM 000019
convertReg2StandardCANid@returnValue               cstackCOMRAM 000015
convertReg2StandardCANid@tempRXBn_SIDH             cstackCOMRAM 000014
convertReg2StandardCANid@tempRXBn_SIDL             cstackCOMRAM 00000E
dtoa@d                                             cstackCOMRAM 00002D
dtoa@fp                                            cstackCOMRAM 00002B
dtoa@i                                             cstackBANK0  000070
dtoa@n                                             cstackBANK0  000068
dtoa@p                                             cstackBANK0  000062
dtoa@s                                             cstackBANK0  000066
dtoa@w                                             cstackBANK0  000064
end_of_initialization                              cinit        004254
fputc@c                                            cstackCOMRAM 000010
fputc@fp                                           cstackCOMRAM 000012
fputs@c                                            cstackCOMRAM 00001D
fputs@fp                                           cstackCOMRAM 00001B
fputs@i                                            cstackCOMRAM 00001E
fputs@s                                            cstackCOMRAM 000019
i1_ws2812_send                                     text92       003B0A
i1ws2812_send@blue                                 cstackCOMRAM 000003
i1ws2812_send@green                                cstackCOMRAM 000002
i1ws2812_send@i                                    cstackCOMRAM 000007
i1ws2812_send@j                                    cstackCOMRAM 000008
i1ws2812_send@red                                  cstackCOMRAM 000006
intlevel0                                          text         000000
intlevel1                                          text         000000
intlevel2                                          text         000000
intlevel3                                          text         000000
isa$std                                            (abs)        000001
isa$xinst                                          (abs)        000000
isalpha@c                                          cstackCOMRAM 00000E
isdigit@c                                          cstackCOMRAM 00000E
islower@c                                          cstackCOMRAM 00000E
isspace@c                                          cstackCOMRAM 00000E
isupper@c                                          cstackCOMRAM 00000E
ivt0x8_base                                        ivt0x8       000008
main@i                                             cstackBANK1  0001BF
main@i_3013                                        cstackBANK1  0001C1
pad@buf                                            cstackCOMRAM 000022
pad@fp                                             cstackCOMRAM 000020
pad@i                                              cstackCOMRAM 000027
pad@p                                              cstackCOMRAM 000024
pad@w                                              cstackCOMRAM 000029
printf@ap                                          cstackBANK0  0000B5
printf@fmt                                         cstackBANK0  0000A3
putch@txData                                       cstackCOMRAM 00000F
stackhi                                            (abs)        000FFF
stacklo                                            (abs)        0009A0
start                                              init         00001C
start_initialization                               cinit        0041A0
stoa@F1141                                         dataBANK1    0001B8
stoa@cp                                            cstackCOMRAM 000029
stoa@fp                                            cstackCOMRAM 000019
stoa@i                                             cstackCOMRAM 000025
stoa@l                                             cstackCOMRAM 00002D
stoa@nuls                                          cstackCOMRAM 00001E
stoa@p                                             cstackCOMRAM 00002B
stoa@s                                             cstackCOMRAM 00001B
stoa@w                                             cstackCOMRAM 000027
strlen@a                                           cstackCOMRAM 000010
strlen@s                                           cstackCOMRAM 00000E
strncmp@_l                                         cstackCOMRAM 00000E
strncmp@_r                                         cstackCOMRAM 000010
strncmp@l                                          cstackCOMRAM 000015
strncmp@n                                          cstackCOMRAM 000012
strncmp@r                                          cstackCOMRAM 000017
toupper@c                                          cstackCOMRAM 000014
vfpfcnvrt@ap                                       cstackBANK0  000077
vfpfcnvrt@c                                        cstackBANK0  00009B
vfpfcnvrt@cp                                       cstackBANK0  000085
vfpfcnvrt@done                                     cstackBANK0  000087
vfpfcnvrt@fmt                                      cstackBANK0  000076
vfpfcnvrt@fp                                       cstackBANK0  000074
vfpfcnvrt@ll                                       cstackBANK0  00008B
vfpfcnvrt@llu                                      cstackBANK0  000093
vfprintf@ap                                        cstackBANK0  0000A0
vfprintf@cfmt                                      cstackBANK0  0000A1
vfprintf@fmt                                       cstackBANK0  00009E
vfprintf@fp                                        cstackBANK0  00009C
ws2812_send@blue                                   cstackCOMRAM 00000F
ws2812_send@green                                  cstackCOMRAM 00000E
ws2812_send@i                                      cstackCOMRAM 000013
ws2812_send@j                                      cstackCOMRAM 000014
ws2812_send@red                                    cstackCOMRAM 000012
xtoa@c                                             cstackBANK0  000072
xtoa@d                                             cstackCOMRAM 00002D
xtoa@fp                                            cstackCOMRAM 00002B
xtoa@i                                             cstackBANK0  000070
xtoa@n                                             cstackBANK0  000068
xtoa@p                                             cstackBANK0  000064
xtoa@w                                             cstackBANK0  000066
xtoa@x                                             cstackCOMRAM 000035


MODULE INFORMATION

Module		Function		Class		Link	Load	Size
C:\Program Files\Microchip\xc8\v2.32\pic\sources\c99\common\isdigit.c
		_isdigit       		CODE           	4E4C	0000	48

C:\Program Files\Microchip\xc8\v2.32\pic\sources\c99\common\isdigit.c estimated size: 48

mcc_generated_files/uart2.c
		_UART2_DefaultErrorHandler		CODE           	51E4	0000	6
		_UART2_RxDataHandler		CODE           	487A	0000	96
		_UART2_DefaultOverrunErrorHandler		CODE           	51FA	0000	2
		_UART2_Write   		CODE           	4AA6	0000	66
		_UART2_SetFramingErrorHandler		CODE           	518A	0000	10
		_UART2_SetOverrunErrorHandler		CODE           	5180	0000	10
		_UART2_Receive_ISR		CODE           	43A2	0000	164
		_UART2_SetRxInterruptHandler		CODE           	5176	0000	10
		_UART2_SetTxInterruptHandler		CODE           	516C	0000	10
		_UART2_Initialize		CODE           	425A	0000	164
		_UART2_SetErrorHandler		CODE           	5194	0000	10
		_UART2_Transmit_ISR		CODE           	4D58	0000	50
		_UART2_DefaultFramingErrorHandler		CODE           	51FC	0000	2

mcc_generated_files/uart2.c estimated size: 600

my_dma2.c
		_my_DMA2_Initialize		CODE           	4580	0000	148

my_dma2.c estimated size: 148

WS2812.c
		_led_initialize		CODE           	5142	0000	16
		_led_update    		CODE           	40E4	0000	188
		_ws2812_send   		CODE           	39E0	0000	298

WS2812.c estimated size: 502

C:\Program Files\Microchip\xc8\v2.32\pic\sources\c99\common\doprnt.c
		_vfpfcnvrt     		CODE           	17DE	0000	1584
		_pad           		CODE           	44EA	0000	150
		_dtoa          		CODE           	2988	0000	582
		_vfprintf      		CODE           	493A	0000	82
		_stoa          		CODE           	38B4	0000	300
		_xtoa          		CODE           	2BCE	0000	562

C:\Program Files\Microchip\xc8\v2.32\pic\sources\c99\common\doprnt.c estimated size: 3260

mcc_generated_files/tmr4.c
		_TMR4_Initialize		CODE           	4FE0	0000	30

mcc_generated_files/tmr4.c estimated size: 30

mcc_generated_files/tmr2.c
		_TMR2_Initialize		CODE           	503A	0000	28

mcc_generated_files/tmr2.c estimated size: 28

mcc_generated_files/interrupt_manager.c
		_INTERRUPT_Initialize		CODE           	511E	0000	18
		_INTERRUPT_InterruptManagerLow		CODE           	50AA	0000	26
		_INTERRUPT_InterruptManagerHigh		CODE           	4614	0000	136

mcc_generated_files/interrupt_manager.c estimated size: 180

mcc_generated_files/tmr0.c
		_TMR0_SetInterruptHandler		CODE           	51D0	0000	10
		_TMR0_StopTimer		CODE           	51F0	0000	4
		_TMR0_DefaultInterruptHandler		CODE           	51F8	0000	2
		_TMR0_CallBack 		CODE           	4FC0	0000	32
		_TMR0_StartTimer		CODE           	51F4	0000	4
		_TMR0_ISR      		CODE           	510A	0000	20
		_TMR0_Initialize		CODE           	4B26	0000	62

mcc_generated_files/tmr0.c estimated size: 134

mcc_generated_files/pin_manager.c
		_PIN_MANAGER_Initialize		CODE           	471A	0000	126

mcc_generated_files/pin_manager.c estimated size: 126

mcc_generated_files/spi1.c
		_SPI1_Initialize		CODE           	5056	0000	28

mcc_generated_files/spi1.c estimated size: 28

C:\Program Files\Microchip\xc8\v2.32\pic\sources\c99\common\atoi.c
		_atoi          		CODE           	34D6	0000	350

C:\Program Files\Microchip\xc8\v2.32\pic\sources\c99\common\atoi.c estimated size: 350

C:\Program Files\Microchip\xc8\v2.32\pic\sources\c99\common\nf_fputs.c
		_fputs         		CODE           	4C50	0000	56

C:\Program Files\Microchip\xc8\v2.32\pic\sources\c99\common\nf_fputs.c estimated size: 56

my_spi.c
		_my_SPI1_Initialize		CODE           	4AE8	0000	62

my_spi.c estimated size: 62

mcc_generated_files/clc2.c
		_CLC2_Initialize		CODE           	4EAA	0000	44

mcc_generated_files/clc2.c estimated size: 44

C:\Program Files\Microchip\xc8\v2.32\pic\sources\c99\common\isupper.c
		_isupper       		CODE           	4E1C	0000	48

C:\Program Files\Microchip\xc8\v2.32\pic\sources\c99\common\isupper.c estimated size: 48

C:\Program Files\Microchip\xc8\v2.32\pic\sources\c99\common\Umul16.c
		___wmul        		CODE           	4F02	0000	42

C:\Program Files\Microchip\xc8\v2.32\pic\sources\c99\common\Umul16.c estimated size: 42

C:\Program Files\Microchip\xc8\v2.32\pic\sources\c99\common\abs.c
		_abs           		CODE           	4D26	0000	50

C:\Program Files\Microchip\xc8\v2.32\pic\sources\c99\common\abs.c estimated size: 50

C:\Program Files\Microchip\xc8\v2.32\pic\sources\c99\common\aomod.c
		___aomod       		CODE           	3C34	0000	292

C:\Program Files\Microchip\xc8\v2.32\pic\sources\c99\common\aomod.c estimated size: 292

mcc_generated_files/ecan.c
		_ECAN_SetWakeUpInterruptHandler		CODE           	51DA	0000	10
		_CAN_receive   		CODE           	2700	0000	648
		_ECAN_Initialize		CODE           	31D2	0000	422
		_convertReg2ExtendedCANid		CODE           	377C	0000	312
		_CAN_transmit  		CODE           	211C	0000	774
		_convertReg2StandardCANid		CODE           	4798	0000	118
		_WakeUpDefaultInterruptHandler		CODE           	5202	0000	2
		_convertCANid2Reg		CODE           	3D58	0000	250
		_CAN_messagesInBuffer		CODE           	5130	0000	18
		_ECAN_WAKI_ISR 		CODE           	501C	0000	30

mcc_generated_files/ecan.c estimated size: 2584

C:\Program Files\Microchip\xc8\v2.32\pic\sources\c99\common\isspace.c
		_isspace       		CODE           	4B64	0000	62

C:\Program Files\Microchip\xc8\v2.32\pic\sources\c99\common\isspace.c estimated size: 62

mcc_generated_files/uart1.c
		_UART1_Write   		CODE           	4A64	0000	66
		_UART1_SetFramingErrorHandler		CODE           	51BC	0000	10
		_UART1_SetOverrunErrorHandler		CODE           	51B2	0000	10
		_UART1_Receive_ISR		CODE           	4446	0000	164
		_UART1_SetRxInterruptHandler		CODE           	51A8	0000	10
		_UART1_SetTxInterruptHandler		CODE           	519E	0000	10
		_UART1_Initialize		CODE           	42FE	0000	164
		_UART1_SetErrorHandler		CODE           	51C6	0000	10
		_UART1_Transmit_ISR		CODE           	4D8A	0000	50
		_UART1_DefaultFramingErrorHandler		CODE           	5200	0000	2
		_UART1_DefaultErrorHandler		CODE           	51EA	0000	6
		_UART1_RxDataHandler		CODE           	48DA	0000	96
		_UART1_DefaultOverrunErrorHandler		CODE           	51FE	0000	2

mcc_generated_files/uart1.c estimated size: 600

my_dma1.c
		_my_DMA1_Initialize		CODE           	469C	0000	126

my_dma1.c estimated size: 126

C:\Program Files\Microchip\xc8\v2.32\pic\sources\c99\common\islower.c
		_islower       		CODE           	4DEC	0000	48

C:\Program Files\Microchip\xc8\v2.32\pic\sources\c99\common\islower.c estimated size: 48

C:\Program Files\Microchip\xc8\v2.32\pic\sources\c99\common\strncmp.c
		_strncmp       		CODE           	3F44	0000	210

C:\Program Files\Microchip\xc8\v2.32\pic\sources\c99\common\strncmp.c estimated size: 210

shared
		i1_ws2812_send 		CODE           	3B0A	0000	298
		__initialization		CODE           	41A0	0000	180
		_spi1_configuration		MEDIUMCONST    	0000	0000	0

shared estimated size: 478

mcc_generated_files/pwm5.c
		_PWM5_Initialize		CODE           	50F4	0000	22

mcc_generated_files/pwm5.c estimated size: 22

game.c
		_Fade_in       		CODE           	1146	0000	1688
		_Reset_game_display		CODE           	4016	0000	206
		_Init_game     		CODE           	5072	0000	28
		_Update_game_board		CODE           	0020	0000	2400
		_Init_player_ball_positions		CODE           	4DBC	0000	48
		_Copy_game_array_to_video_buffer		CODE           	2422	0000	734
		_Game_play     		CODE           	2E00	0000	538
		_Check_keys    		CODE           	301A	0000	440
		_Move_ball     		CODE           	0980	0000	1990
		_Fade_out      		CODE           	1E0E	0000	782

game.c estimated size: 8854

mcc_generated_files/mcc.c
		_PMD_Initialize		CODE           	4F7C	0000	34
		_OSCILLATOR_Initialize		CODE           	50DC	0000	24
		_SYSTEM_Initialize		CODE           	4BA2	0000	58

mcc_generated_files/mcc.c estimated size: 116

parser_can.c
		_CAN_send_ball_moved_msg		CODE           	4A1E	0000	70
		_CAN_send_stop_msg		CODE           	4BDC	0000	58
		_CAN_send_player_moved_msg		CODE           	49D6	0000	72
		_CAN_send_start_msg		CODE           	4C16	0000	58
		_CAN_receive_msg		CODE           	3378	0000	350

parser_can.c estimated size: 608

C:\Program Files\Microchip\xc8\v2.32\pic\sources\c99\common\toupper.c
		_toupper       		CODE           	498C	0000	74

C:\Program Files\Microchip\xc8\v2.32\pic\sources\c99\common\toupper.c estimated size: 74

C:\Program Files\Microchip\xc8\v2.32\pic\sources\c99\common\isalpha.c
		_isalpha       		CODE           	4CBE	0000	52

C:\Program Files\Microchip\xc8\v2.32\pic\sources\c99\common\isalpha.c estimated size: 52

utils.c
		_Delay_ms      		CODE           	4ED6	0000	44

utils.c estimated size: 44

mcc_generated_files/pwm1.c
		_PWM1_Initialize		CODE           	50C4	0000	24
		_PWM1_LoadDutyValue		CODE           	4CF2	0000	52

mcc_generated_files/pwm1.c estimated size: 76

C:\Program Files\Microchip\xc8\v2.32\pic\sources\c99\common\printf.c
		_printf        		CODE           	4FFE	0000	30

C:\Program Files\Microchip\xc8\v2.32\pic\sources\c99\common\printf.c estimated size: 30

C:\Program Files\Microchip\xc8\v2.32\pic\sources\c99\common\nf_fputc.c
		_fputc         		CODE           	480E	0000	108

C:\Program Files\Microchip\xc8\v2.32\pic\sources\c99\common\nf_fputc.c estimated size: 108

C:\Program Files\Microchip\xc8\v2.32\pic\sources\c99\common\aodiv.c
		___aodiv       		CODE           	3634	0000	328

C:\Program Files\Microchip\xc8\v2.32\pic\sources\c99\common\aodiv.c estimated size: 328

main.c
		_putch         		CODE           	508E	0000	28
		_main          		CODE           	3E52	0000	242

main.c estimated size: 270

C:\Program Files\Microchip\xc8\v2.32\pic\sources\c99\common\strlen.c
		_strlen        		CODE           	4E7C	0000	46

C:\Program Files\Microchip\xc8\v2.32\pic\sources\c99\common\strlen.c estimated size: 46

sound.c
		_Sound         		CODE           	4F2C	0000	42
		_Beep_loose    		CODE           	4C88	0000	54
		_Beep          		CODE           	4F9E	0000	34
		_Beep_reset    		CODE           	4F56	0000	38

sound.c estimated size: 168

